[INFO] Scanning for projects...
[INFO] 
[INFO] -----------------------< unitbv.devops:Tema2_OF >-----------------------
[INFO] Building Tema2_OF 1.0-SNAPSHOT
[INFO]   from pom.xml
[INFO] --------------------------------[ jar ]---------------------------------
[INFO] 
[INFO] --- clean:3.3.2:clean (default-clean) @ Tema2_OF ---
[INFO] Deleting D:\Facultate\ANUL 2\SEM 1\OF\Tema2_OF\target
[INFO] 
[INFO] --- resources:3.3.1:resources (default-resources) @ Tema2_OF ---
[INFO] Copying 1 resource from src\main\resources to target\classes
[INFO] Copying 3 resources from src\main\resources to target\classes
[INFO] 
[INFO] --- compiler:3.11.0:compile (default-compile) @ Tema2_OF ---
[INFO] Changes detected - recompiling the module! :source
[INFO] Compiling 32 source files with javac [debug release 17] to target\classes
[INFO] Annotation processing is enabled because one or more processors were found
  on the class path. A future release of javac may disable annotation processing
  unless at least one processor is specified by name (-processor), or a search
  path is specified (--processor-path, --processor-module-path), or annotation
  processing is enabled explicitly (-proc:only, -proc:full).
  Use -Xlint:-options to suppress this message.
  Use -proc:none to disable annotation processing.
[INFO] -------------------------------------------------------------
[WARNING] COMPILATION WARNING : 
[INFO] -------------------------------------------------------------
[WARNING] /D:/Facultate/ANUL 2/SEM 1/OF/Tema2_OF/src/main/java/unitbv/devops/configuration/SecurityConfiguration.java:[45,13] csrf() in org.springframework.security.config.annotation.web.builders.HttpSecurity has been deprecated and marked for removal
[WARNING] /D:/Facultate/ANUL 2/SEM 1/OF/Tema2_OF/src/main/java/unitbv/devops/configuration/SecurityConfiguration.java:[46,13] cors() in org.springframework.security.config.annotation.web.builders.HttpSecurity has been deprecated and marked for removal
[INFO] 2 warnings 
[INFO] -------------------------------------------------------------
[INFO] -------------------------------------------------------------
[ERROR] COMPILATION ERROR : 
[INFO] -------------------------------------------------------------
[ERROR] /D:/Facultate/ANUL 2/SEM 1/OF/Tema2_OF/src/main/java/unitbv/devops/security/JwtAuthenticationFilter.java:[23,13] cannot access unitbv.devops.security.JwtTokenProvider
  bad source file: D:\Facultate\ANUL 2\SEM 1\OF\Tema2_OF\src\main\java\unitbv\devops\security\JwtTokenProvider.java
    file does not contain class unitbv.devops.security.JwtTokenProvider
    Please remove or make sure it appears in the correct subdirectory of the sourcepath.
[ERROR] /D:/Facultate/ANUL 2/SEM 1/OF/Tema2_OF/src/main/java/unitbv/devops/controller/AuthController.java:[9,25] cannot access unitbv.devops.dto.LoginRequest
  bad source file: D:\Facultate\ANUL 2\SEM 1\OF\Tema2_OF\src\main\java\unitbv\devops\dto\LoginRequest.java
    file does not contain class unitbv.devops.dto.LoginRequest
    Please remove or make sure it appears in the correct subdirectory of the sourcepath.
[ERROR] /D:/Facultate/ANUL 2/SEM 1/OF/Tema2_OF/src/main/java/unitbv/devops/controller/AuthController.java:[13,29] cannot access unitbv.devops.service.AuthenticationService
  bad source file: D:\Facultate\ANUL 2\SEM 1\OF\Tema2_OF\src\main\java\unitbv\devops\service\AuthenticationService.java
    file does not contain class unitbv.devops.service.AuthenticationService
    Please remove or make sure it appears in the correct subdirectory of the sourcepath.
[ERROR] /D:/Facultate/ANUL 2/SEM 1/OF/Tema2_OF/src/main/java/unitbv/devops/controller/AuthController.java:[24,13] cannot find symbol
  symbol:   class AuthenticationService
  location: class unitbv.devops.controller.AuthController
[ERROR] /D:/Facultate/ANUL 2/SEM 1/OF/Tema2_OF/src/main/java/unitbv/devops/controller/AuthController.java:[57,49] cannot find symbol
  symbol:   class LoginRequest
  location: class unitbv.devops.controller.AuthController
[ERROR] /D:/Facultate/ANUL 2/SEM 1/OF/Tema2_OF/src/main/java/unitbv/devops/service/PriceService.java:[86,25] cannot find symbol
  symbol:   method getPrice()
  location: variable priceDTO of type unitbv.devops.dto.PriceDTO
[ERROR] /D:/Facultate/ANUL 2/SEM 1/OF/Tema2_OF/src/main/java/unitbv/devops/service/PriceService.java:[87,25] cannot find symbol
  symbol:   method getVolume()
  location: variable priceDTO of type unitbv.devops.dto.PriceDTO
[ERROR] /D:/Facultate/ANUL 2/SEM 1/OF/Tema2_OF/src/main/java/unitbv/devops/service/PriceService.java:[88,25] cannot find symbol
  symbol:   method getTimestamp()
  location: variable priceDTO of type unitbv.devops.dto.PriceDTO
[ERROR] /D:/Facultate/ANUL 2/SEM 1/OF/Tema2_OF/src/main/java/unitbv/devops/service/PriceService.java:[98,16] constructor PriceDTO in class unitbv.devops.dto.PriceDTO cannot be applied to given types;
  required: no arguments
  found:    java.lang.Long,java.lang.String,java.math.BigDecimal,java.lang.Long,java.time.LocalDateTime
  reason: actual and formal argument lists differ in length
[ERROR] /D:/Facultate/ANUL 2/SEM 1/OF/Tema2_OF/src/main/java/unitbv/devops/service/SymbolService.java:[52,26] cannot find symbol
  symbol:   method getSymbolCode()
  location: variable symbolDTO of type unitbv.devops.dto.SymbolDTO
[ERROR] /D:/Facultate/ANUL 2/SEM 1/OF/Tema2_OF/src/main/java/unitbv/devops/service/SymbolService.java:[53,26] cannot find symbol
  symbol:   method getName()
  location: variable symbolDTO of type unitbv.devops.dto.SymbolDTO
[ERROR] /D:/Facultate/ANUL 2/SEM 1/OF/Tema2_OF/src/main/java/unitbv/devops/service/SymbolService.java:[54,26] cannot find symbol
  symbol:   method getType()
  location: variable symbolDTO of type unitbv.devops.dto.SymbolDTO
[ERROR] /D:/Facultate/ANUL 2/SEM 1/OF/Tema2_OF/src/main/java/unitbv/devops/service/SymbolService.java:[66,51] cannot find symbol
  symbol:   method getSymbolCode()
  location: variable symbolDTO of type unitbv.devops.dto.SymbolDTO
[ERROR] /D:/Facultate/ANUL 2/SEM 1/OF/Tema2_OF/src/main/java/unitbv/devops/service/SymbolService.java:[67,45] cannot find symbol
  symbol:   method getName()
  location: variable symbolDTO of type unitbv.devops.dto.SymbolDTO
[ERROR] /D:/Facultate/ANUL 2/SEM 1/OF/Tema2_OF/src/main/java/unitbv/devops/service/SymbolService.java:[68,45] cannot find symbol
  symbol:   method getType()
  location: variable symbolDTO of type unitbv.devops.dto.SymbolDTO
[ERROR] /D:/Facultate/ANUL 2/SEM 1/OF/Tema2_OF/src/main/java/unitbv/devops/service/SymbolService.java:[85,16] constructor SymbolDTO in class unitbv.devops.dto.SymbolDTO cannot be applied to given types;
  required: no arguments
  found:    java.lang.Long,java.lang.String,java.lang.String,java.lang.String
  reason: actual and formal argument lists differ in length
[ERROR] /D:/Facultate/ANUL 2/SEM 1/OF/Tema2_OF/src/main/java/unitbv/devops/service/AlertService.java:[79,77] cannot find symbol
  symbol:   method getSymbolCode()
  location: variable alertDTO of type unitbv.devops.dto.AlertDTO
[ERROR] /D:/Facultate/ANUL 2/SEM 1/OF/Tema2_OF/src/main/java/unitbv/devops/service/AlertService.java:[81,79] cannot find symbol
  symbol:   method getSymbolCode()
  location: variable alertDTO of type unitbv.devops.dto.AlertDTO
[ERROR] /D:/Facultate/ANUL 2/SEM 1/OF/Tema2_OF/src/main/java/unitbv/devops/service/AlertService.java:[86,25] cannot find symbol
  symbol:   method getAlertType()
  location: variable alertDTO of type unitbv.devops.dto.AlertDTO
[ERROR] /D:/Facultate/ANUL 2/SEM 1/OF/Tema2_OF/src/main/java/unitbv/devops/service/AlertService.java:[87,25] cannot find symbol
  symbol:   method getThreshold()
  location: variable alertDTO of type unitbv.devops.dto.AlertDTO
[ERROR] /D:/Facultate/ANUL 2/SEM 1/OF/Tema2_OF/src/main/java/unitbv/devops/service/AlertService.java:[88,25] cannot find symbol
  symbol:   method getTriggeredAt()
  location: variable alertDTO of type unitbv.devops.dto.AlertDTO
[ERROR] /D:/Facultate/ANUL 2/SEM 1/OF/Tema2_OF/src/main/java/unitbv/devops/service/AlertService.java:[89,25] cannot find symbol
  symbol:   method getDetails()
  location: variable alertDTO of type unitbv.devops.dto.AlertDTO
[ERROR] /D:/Facultate/ANUL 2/SEM 1/OF/Tema2_OF/src/main/java/unitbv/devops/service/AlertService.java:[101,89] cannot find symbol
  symbol:   method getSymbolCode()
  location: variable alertDTO of type unitbv.devops.dto.AlertDTO
[ERROR] /D:/Facultate/ANUL 2/SEM 1/OF/Tema2_OF/src/main/java/unitbv/devops/service/AlertService.java:[105,48] cannot find symbol
  symbol:   method getAlertType()
  location: variable alertDTO of type unitbv.devops.dto.AlertDTO
[ERROR] /D:/Facultate/ANUL 2/SEM 1/OF/Tema2_OF/src/main/java/unitbv/devops/service/AlertService.java:[106,48] cannot find symbol
  symbol:   method getThreshold()
  location: variable alertDTO of type unitbv.devops.dto.AlertDTO
[ERROR] /D:/Facultate/ANUL 2/SEM 1/OF/Tema2_OF/src/main/java/unitbv/devops/service/AlertService.java:[107,50] cannot find symbol
  symbol:   method getTriggeredAt()
  location: variable alertDTO of type unitbv.devops.dto.AlertDTO
[ERROR] /D:/Facultate/ANUL 2/SEM 1/OF/Tema2_OF/src/main/java/unitbv/devops/service/AlertService.java:[108,46] cannot find symbol
  symbol:   method getDetails()
  location: variable alertDTO of type unitbv.devops.dto.AlertDTO
[ERROR] /D:/Facultate/ANUL 2/SEM 1/OF/Tema2_OF/src/main/java/unitbv/devops/service/AlertService.java:[129,16] constructor AlertDTO in class unitbv.devops.dto.AlertDTO cannot be applied to given types;
  required: no arguments
  found:    java.lang.Long,java.lang.String,java.lang.String,java.math.BigDecimal,java.time.LocalDateTime,java.lang.String
  reason: actual and formal argument lists differ in length
[ERROR] /D:/Facultate/ANUL 2/SEM 1/OF/Tema2_OF/src/main/java/unitbv/devops/service/UserService.java:[51,37] cannot find symbol
  symbol:   method getUsername()
  location: variable userDTO of type unitbv.devops.dto.UserDTO
[ERROR] /D:/Facultate/ANUL 2/SEM 1/OF/Tema2_OF/src/main/java/unitbv/devops/service/UserService.java:[62,45] cannot find symbol
  symbol:   method getUsername()
  location: variable userDTO of type unitbv.devops.dto.UserDTO
[ERROR] /D:/Facultate/ANUL 2/SEM 1/OF/Tema2_OF/src/main/java/unitbv/devops/service/UserService.java:[79,16] constructor UserDTO in class unitbv.devops.dto.UserDTO cannot be applied to given types;
  required: no arguments
  found:    java.lang.Long,java.lang.String
  reason: actual and formal argument lists differ in length
[ERROR] /D:/Facultate/ANUL 2/SEM 1/OF/Tema2_OF/src/main/java/unitbv/devops/controller/AuthController.java:[32,28] cannot find symbol
  symbol:   method getUsername()
  location: variable registerRequest of type unitbv.devops.dto.RegisterRequest
[ERROR] /D:/Facultate/ANUL 2/SEM 1/OF/Tema2_OF/src/main/java/unitbv/devops/controller/AuthController.java:[32,69] cannot find symbol
  symbol:   method getUsername()
  location: variable registerRequest of type unitbv.devops.dto.RegisterRequest
[ERROR] /D:/Facultate/ANUL 2/SEM 1/OF/Tema2_OF/src/main/java/unitbv/devops/controller/AuthController.java:[33,28] cannot find symbol
  symbol:   method getPassword()
  location: variable registerRequest of type unitbv.devops.dto.RegisterRequest
[ERROR] /D:/Facultate/ANUL 2/SEM 1/OF/Tema2_OF/src/main/java/unitbv/devops/controller/AuthController.java:[33,69] cannot find symbol
  symbol:   method getPassword()
  location: variable registerRequest of type unitbv.devops.dto.RegisterRequest
[ERROR] /D:/Facultate/ANUL 2/SEM 1/OF/Tema2_OF/src/main/java/unitbv/devops/controller/AuthController.java:[35,21] constructor AuthResponse in class unitbv.devops.dto.AuthResponse cannot be applied to given types;
  required: no arguments
  found:    java.lang.String,<nulltype>,boolean
  reason: actual and formal argument lists differ in length
[ERROR] /D:/Facultate/ANUL 2/SEM 1/OF/Tema2_OF/src/main/java/unitbv/devops/controller/AuthController.java:[43,89] cannot find symbol
  symbol:   method getUsername()
  location: variable registerRequest of type unitbv.devops.dto.RegisterRequest
[ERROR] /D:/Facultate/ANUL 2/SEM 1/OF/Tema2_OF/src/main/java/unitbv/devops/controller/AuthController.java:[47,79] cannot find symbol
  symbol:   method getUsername()
  location: variable registerRequest of type unitbv.devops.dto.RegisterRequest
[ERROR] /D:/Facultate/ANUL 2/SEM 1/OF/Tema2_OF/src/main/java/unitbv/devops/controller/AuthController.java:[61,21] constructor AuthResponse in class unitbv.devops.dto.AuthResponse cannot be applied to given types;
  required: no arguments
  found:    java.lang.String,<nulltype>,boolean
  reason: actual and formal argument lists differ in length
[ERROR] /D:/Facultate/ANUL 2/SEM 1/OF/Tema2_OF/src/main/java/unitbv/devops/controller/AuthController.java:[80,21] constructor AuthResponse in class unitbv.devops.dto.AuthResponse cannot be applied to given types;
  required: no arguments
  found:    java.lang.String,<nulltype>,boolean
  reason: actual and formal argument lists differ in length
[ERROR] /D:/Facultate/ANUL 2/SEM 1/OF/Tema2_OF/src/main/java/unitbv/devops/controller/AuthController.java:[89,21] constructor AuthResponse in class unitbv.devops.dto.AuthResponse cannot be applied to given types;
  required: no arguments
  found:    java.lang.String,<nulltype>,boolean
  reason: actual and formal argument lists differ in length
[ERROR] /D:/Facultate/ANUL 2/SEM 1/OF/Tema2_OF/src/main/java/unitbv/devops/controller/AuthController.java:[93,21] constructor AuthResponse in class unitbv.devops.dto.AuthResponse cannot be applied to given types;
  required: no arguments
  found:    java.lang.String,<nulltype>,boolean
  reason: actual and formal argument lists differ in length
[INFO] 42 errors 
[INFO] -------------------------------------------------------------
[INFO] ------------------------------------------------------------------------
[INFO] BUILD FAILURE
[INFO] ------------------------------------------------------------------------
[INFO] Total time:  2.444 s
[INFO] Finished at: 2026-01-08T00:35:24+02:00
[INFO] ------------------------------------------------------------------------
[ERROR] Failed to execute goal org.apache.maven.plugins:maven-compiler-plugin:3.11.0:compile (default-compile) on project Tema2_OF: Compilation failure: Compilation failure: 
[ERROR] /D:/Facultate/ANUL 2/SEM 1/OF/Tema2_OF/src/main/java/unitbv/devops/security/JwtAuthenticationFilter.java:[23,13] cannot access unitbv.devops.security.JwtTokenProvider
[ERROR]   bad source file: D:\Facultate\ANUL 2\SEM 1\OF\Tema2_OF\src\main\java\unitbv\devops\security\JwtTokenProvider.java
[ERROR]     file does not contain class unitbv.devops.security.JwtTokenProvider
[ERROR]     Please remove or make sure it appears in the correct subdirectory of the sourcepath.
[ERROR] /D:/Facultate/ANUL 2/SEM 1/OF/Tema2_OF/src/main/java/unitbv/devops/controller/AuthController.java:[9,25] cannot access unitbv.devops.dto.LoginRequest
[ERROR]   bad source file: D:\Facultate\ANUL 2\SEM 1\OF\Tema2_OF\src\main\java\unitbv\devops\dto\LoginRequest.java
[ERROR]     file does not contain class unitbv.devops.dto.LoginRequest
[ERROR]     Please remove or make sure it appears in the correct subdirectory of the sourcepath.
[ERROR] /D:/Facultate/ANUL 2/SEM 1/OF/Tema2_OF/src/main/java/unitbv/devops/controller/AuthController.java:[13,29] cannot access unitbv.devops.service.AuthenticationService
[ERROR]   bad source file: D:\Facultate\ANUL 2\SEM 1\OF\Tema2_OF\src\main\java\unitbv\devops\service\AuthenticationService.java
[ERROR]     file does not contain class unitbv.devops.service.AuthenticationService
[ERROR]     Please remove or make sure it appears in the correct subdirectory of the sourcepath.
[ERROR] /D:/Facultate/ANUL 2/SEM 1/OF/Tema2_OF/src/main/java/unitbv/devops/controller/AuthController.java:[24,13] cannot find symbol
[ERROR]   symbol:   class AuthenticationService
[ERROR]   location: class unitbv.devops.controller.AuthController
[ERROR] /D:/Facultate/ANUL 2/SEM 1/OF/Tema2_OF/src/main/java/unitbv/devops/controller/AuthController.java:[57,49] cannot find symbol
[ERROR]   symbol:   class LoginRequest
[ERROR]   location: class unitbv.devops.controller.AuthController
[ERROR] /D:/Facultate/ANUL 2/SEM 1/OF/Tema2_OF/src/main/java/unitbv/devops/service/PriceService.java:[86,25] cannot find symbol
[ERROR]   symbol:   method getPrice()
[ERROR]   location: variable priceDTO of type unitbv.devops.dto.PriceDTO
[ERROR] /D:/Facultate/ANUL 2/SEM 1/OF/Tema2_OF/src/main/java/unitbv/devops/service/PriceService.java:[87,25] cannot find symbol
[ERROR]   symbol:   method getVolume()
[ERROR]   location: variable priceDTO of type unitbv.devops.dto.PriceDTO
[ERROR] /D:/Facultate/ANUL 2/SEM 1/OF/Tema2_OF/src/main/java/unitbv/devops/service/PriceService.java:[88,25] cannot find symbol
[ERROR]   symbol:   method getTimestamp()
[ERROR]   location: variable priceDTO of type unitbv.devops.dto.PriceDTO
[ERROR] /D:/Facultate/ANUL 2/SEM 1/OF/Tema2_OF/src/main/java/unitbv/devops/service/PriceService.java:[98,16] constructor PriceDTO in class unitbv.devops.dto.PriceDTO cannot be applied to given types;
[ERROR]   required: no arguments
[ERROR]   found:    java.lang.Long,java.lang.String,java.math.BigDecimal,java.lang.Long,java.time.LocalDateTime
[ERROR]   reason: actual and formal argument lists differ in length
[ERROR] /D:/Facultate/ANUL 2/SEM 1/OF/Tema2_OF/src/main/java/unitbv/devops/service/SymbolService.java:[52,26] cannot find symbol
[ERROR]   symbol:   method getSymbolCode()
[ERROR]   location: variable symbolDTO of type unitbv.devops.dto.SymbolDTO
[ERROR] /D:/Facultate/ANUL 2/SEM 1/OF/Tema2_OF/src/main/java/unitbv/devops/service/SymbolService.java:[53,26] cannot find symbol
[ERROR]   symbol:   method getName()
[ERROR]   location: variable symbolDTO of type unitbv.devops.dto.SymbolDTO
[ERROR] /D:/Facultate/ANUL 2/SEM 1/OF/Tema2_OF/src/main/java/unitbv/devops/service/SymbolService.java:[54,26] cannot find symbol
[ERROR]   symbol:   method getType()
[ERROR]   location: variable symbolDTO of type unitbv.devops.dto.SymbolDTO
[ERROR] /D:/Facultate/ANUL 2/SEM 1/OF/Tema2_OF/src/main/java/unitbv/devops/service/SymbolService.java:[66,51] cannot find symbol
[ERROR]   symbol:   method getSymbolCode()
[ERROR]   location: variable symbolDTO of type unitbv.devops.dto.SymbolDTO
[ERROR] /D:/Facultate/ANUL 2/SEM 1/OF/Tema2_OF/src/main/java/unitbv/devops/service/SymbolService.java:[67,45] cannot find symbol
[ERROR]   symbol:   method getName()
[ERROR]   location: variable symbolDTO of type unitbv.devops.dto.SymbolDTO
[ERROR] /D:/Facultate/ANUL 2/SEM 1/OF/Tema2_OF/src/main/java/unitbv/devops/service/SymbolService.java:[68,45] cannot find symbol
[ERROR]   symbol:   method getType()
[ERROR]   location: variable symbolDTO of type unitbv.devops.dto.SymbolDTO
[ERROR] /D:/Facultate/ANUL 2/SEM 1/OF/Tema2_OF/src/main/java/unitbv/devops/service/SymbolService.java:[85,16] constructor SymbolDTO in class unitbv.devops.dto.SymbolDTO cannot be applied to given types;
[ERROR]   required: no arguments
[ERROR]   found:    java.lang.Long,java.lang.String,java.lang.String,java.lang.String
[ERROR]   reason: actual and formal argument lists differ in length
[ERROR] /D:/Facultate/ANUL 2/SEM 1/OF/Tema2_OF/src/main/java/unitbv/devops/service/AlertService.java:[79,77] cannot find symbol
[ERROR]   symbol:   method getSymbolCode()
[ERROR]   location: variable alertDTO of type unitbv.devops.dto.AlertDTO
[ERROR] /D:/Facultate/ANUL 2/SEM 1/OF/Tema2_OF/src/main/java/unitbv/devops/service/AlertService.java:[81,79] cannot find symbol
[ERROR]   symbol:   method getSymbolCode()
[ERROR]   location: variable alertDTO of type unitbv.devops.dto.AlertDTO
[ERROR] /D:/Facultate/ANUL 2/SEM 1/OF/Tema2_OF/src/main/java/unitbv/devops/service/AlertService.java:[86,25] cannot find symbol
[ERROR]   symbol:   method getAlertType()
[ERROR]   location: variable alertDTO of type unitbv.devops.dto.AlertDTO
[ERROR] /D:/Facultate/ANUL 2/SEM 1/OF/Tema2_OF/src/main/java/unitbv/devops/service/AlertService.java:[87,25] cannot find symbol
[ERROR]   symbol:   method getThreshold()
[ERROR]   location: variable alertDTO of type unitbv.devops.dto.AlertDTO
[ERROR] /D:/Facultate/ANUL 2/SEM 1/OF/Tema2_OF/src/main/java/unitbv/devops/service/AlertService.java:[88,25] cannot find symbol
[ERROR]   symbol:   method getTriggeredAt()
[ERROR]   location: variable alertDTO of type unitbv.devops.dto.AlertDTO
[ERROR] /D:/Facultate/ANUL 2/SEM 1/OF/Tema2_OF/src/main/java/unitbv/devops/service/AlertService.java:[89,25] cannot find symbol
[ERROR]   symbol:   method getDetails()
[ERROR]   location: variable alertDTO of type unitbv.devops.dto.AlertDTO
[ERROR] /D:/Facultate/ANUL 2/SEM 1/OF/Tema2_OF/src/main/java/unitbv/devops/service/AlertService.java:[101,89] cannot find symbol
[ERROR]   symbol:   method getSymbolCode()
[ERROR]   location: variable alertDTO of type unitbv.devops.dto.AlertDTO
[ERROR] /D:/Facultate/ANUL 2/SEM 1/OF/Tema2_OF/src/main/java/unitbv/devops/service/AlertService.java:[105,48] cannot find symbol
[ERROR]   symbol:   method getAlertType()
[ERROR]   location: variable alertDTO of type unitbv.devops.dto.AlertDTO
[ERROR] /D:/Facultate/ANUL 2/SEM 1/OF/Tema2_OF/src/main/java/unitbv/devops/service/AlertService.java:[106,48] cannot find symbol
[ERROR]   symbol:   method getThreshold()
[ERROR]   location: variable alertDTO of type unitbv.devops.dto.AlertDTO
[ERROR] /D:/Facultate/ANUL 2/SEM 1/OF/Tema2_OF/src/main/java/unitbv/devops/service/AlertService.java:[107,50] cannot find symbol
[ERROR]   symbol:   method getTriggeredAt()
[ERROR]   location: variable alertDTO of type unitbv.devops.dto.AlertDTO
[ERROR] /D:/Facultate/ANUL 2/SEM 1/OF/Tema2_OF/src/main/java/unitbv/devops/service/AlertService.java:[108,46] cannot find symbol
[ERROR]   symbol:   method getDetails()
[ERROR]   location: variable alertDTO of type unitbv.devops.dto.AlertDTO
[ERROR] /D:/Facultate/ANUL 2/SEM 1/OF/Tema2_OF/src/main/java/unitbv/devops/service/AlertService.java:[129,16] constructor AlertDTO in class unitbv.devops.dto.AlertDTO cannot be applied to given types;
[ERROR]   required: no arguments
[ERROR]   found:    java.lang.Long,java.lang.String,java.lang.String,java.math.BigDecimal,java.time.LocalDateTime,java.lang.String
[ERROR]   reason: actual and formal argument lists differ in length
[ERROR] /D:/Facultate/ANUL 2/SEM 1/OF/Tema2_OF/src/main/java/unitbv/devops/service/UserService.java:[51,37] cannot find symbol
[ERROR]   symbol:   method getUsername()
[ERROR]   location: variable userDTO of type unitbv.devops.dto.UserDTO
[ERROR] /D:/Facultate/ANUL 2/SEM 1/OF/Tema2_OF/src/main/java/unitbv/devops/service/UserService.java:[62,45] cannot find symbol
[ERROR]   symbol:   method getUsername()
[ERROR]   location: variable userDTO of type unitbv.devops.dto.UserDTO
[ERROR] /D:/Facultate/ANUL 2/SEM 1/OF/Tema2_OF/src/main/java/unitbv/devops/service/UserService.java:[79,16] constructor UserDTO in class unitbv.devops.dto.UserDTO cannot be applied to given types;
[ERROR]   required: no arguments
[ERROR]   found:    java.lang.Long,java.lang.String
[ERROR]   reason: actual and formal argument lists differ in length
[ERROR] /D:/Facultate/ANUL 2/SEM 1/OF/Tema2_OF/src/main/java/unitbv/devops/controller/AuthController.java:[32,28] cannot find symbol
[ERROR]   symbol:   method getUsername()
[ERROR]   location: variable registerRequest of type unitbv.devops.dto.RegisterRequest
[ERROR] /D:/Facultate/ANUL 2/SEM 1/OF/Tema2_OF/src/main/java/unitbv/devops/controller/AuthController.java:[32,69] cannot find symbol
[ERROR]   symbol:   method getUsername()
[ERROR]   location: variable registerRequest of type unitbv.devops.dto.RegisterRequest
[ERROR] /D:/Facultate/ANUL 2/SEM 1/OF/Tema2_OF/src/main/java/unitbv/devops/controller/AuthController.java:[33,28] cannot find symbol
[ERROR]   symbol:   method getPassword()
[ERROR]   location: variable registerRequest of type unitbv.devops.dto.RegisterRequest
[ERROR] /D:/Facultate/ANUL 2/SEM 1/OF/Tema2_OF/src/main/java/unitbv/devops/controller/AuthController.java:[33,69] cannot find symbol
[ERROR]   symbol:   method getPassword()
[ERROR]   location: variable registerRequest of type unitbv.devops.dto.RegisterRequest
[ERROR] /D:/Facultate/ANUL 2/SEM 1/OF/Tema2_OF/src/main/java/unitbv/devops/controller/AuthController.java:[35,21] constructor AuthResponse in class unitbv.devops.dto.AuthResponse cannot be applied to given types;
[ERROR]   required: no arguments
[ERROR]   found:    java.lang.String,<nulltype>,boolean
[ERROR]   reason: actual and formal argument lists differ in length
[ERROR] /D:/Facultate/ANUL 2/SEM 1/OF/Tema2_OF/src/main/java/unitbv/devops/controller/AuthController.java:[43,89] cannot find symbol
[ERROR]   symbol:   method getUsername()
[ERROR]   location: variable registerRequest of type unitbv.devops.dto.RegisterRequest
[ERROR] /D:/Facultate/ANUL 2/SEM 1/OF/Tema2_OF/src/main/java/unitbv/devops/controller/AuthController.java:[47,79] cannot find symbol
[ERROR]   symbol:   method getUsername()
[ERROR]   location: variable registerRequest of type unitbv.devops.dto.RegisterRequest
[ERROR] /D:/Facultate/ANUL 2/SEM 1/OF/Tema2_OF/src/main/java/unitbv/devops/controller/AuthController.java:[61,21] constructor AuthResponse in class unitbv.devops.dto.AuthResponse cannot be applied to given types;
[ERROR]   required: no arguments
[ERROR]   found:    java.lang.String,<nulltype>,boolean
[ERROR]   reason: actual and formal argument lists differ in length
[ERROR] /D:/Facultate/ANUL 2/SEM 1/OF/Tema2_OF/src/main/java/unitbv/devops/controller/AuthController.java:[80,21] constructor AuthResponse in class unitbv.devops.dto.AuthResponse cannot be applied to given types;
[ERROR]   required: no arguments
[ERROR]   found:    java.lang.String,<nulltype>,boolean
[ERROR]   reason: actual and formal argument lists differ in length
[ERROR] /D:/Facultate/ANUL 2/SEM 1/OF/Tema2_OF/src/main/java/unitbv/devops/controller/AuthController.java:[89,21] constructor AuthResponse in class unitbv.devops.dto.AuthResponse cannot be applied to given types;
[ERROR]   required: no arguments
[ERROR]   found:    java.lang.String,<nulltype>,boolean
[ERROR]   reason: actual and formal argument lists differ in length
[ERROR] /D:/Facultate/ANUL 2/SEM 1/OF/Tema2_OF/src/main/java/unitbv/devops/controller/AuthController.java:[93,21] constructor AuthResponse in class unitbv.devops.dto.AuthResponse cannot be applied to given types;
[ERROR]   required: no arguments
[ERROR]   found:    java.lang.String,<nulltype>,boolean
[ERROR]   reason: actual and formal argument lists differ in length
[ERROR] -> [Help 1]
[ERROR] 
[ERROR] To see the full stack trace of the errors, re-run Maven with the -e switch.
[ERROR] Re-run Maven using the -X switch to enable full debug logging.
[ERROR] 
[ERROR] For more information about the errors and possible solutions, please read the following articles:
[ERROR] [Help 1] http://cwiki.apache.org/confluence/display/MAVEN/MojoFailureException
